[seoc-html-v2.vercel.app/index3.html]
[backblue.gif]
[fade.gif]
[index.html]
[seoc-html-v2.vercel.app/assets/img/logo/fav-logo4.png]
[seoc-html-v2.vercel.app/assets/css/plugins/bootstrap.min.css]
[seoc-html-v2.vercel.app/assets/css/plugins/aos.css]
[seoc-html-v2.vercel.app/assets/css/plugins/fontawesome.css]
[seoc-html-v2.vercel.app/assets/css/plugins/magnific-popup.css]
[seoc-html-v2.vercel.app/assets/css/plugins/mobile.css]
[seoc-html-v2.vercel.app/assets/css/plugins/owlcarousel.min.css]
[seoc-html-v2.vercel.app/assets/css/plugins/sidebar.css]
[seoc-html-v2.vercel.app/assets/css/plugins/slick-slider.css]
[seoc-html-v2.vercel.app/assets/css/plugins/nice-select.css]
[seoc-html-v2.vercel.app/assets/css/main.css]
[seoc-html-v2.vercel.app/assets/js/plugins/jquery-3-6-0.min.js]
[seoc-html-v2.vercel.app/assets/img/logo/preloader3.png]
[seoc-html-v2.vercel.app/index.html]
[seoc-html-v2.vercel.app/assets/img/logo/logo5.png]
[seoc-html-v2.vercel.app/assets/img/all-images/demo-img1.png]
[seoc-html-v2.vercel.app/single-index1.html]
[seoc-html-v2.vercel.app/index1.12.delayed]
[seoc-html-v2.vercel.app/assets/img/all-images/demo-img2.png]
[seoc-html-v2.vercel.app/index2.html]
[seoc-html-v2.vercel.app/single-index2.html]
[seoc-html-v2.vercel.app/assets/img/all-images/comming-soon.png]
[seoc-html-v2.vercel.app/single-index3.html]
[seoc-html-v2.vercel.app/assets/img/all-images/demo-img3.png]
[seoc-html-v2.vercel.app/index4.html]
[seoc-html-v2.vercel.app/single-index4.html]
[seoc-html-v2.vercel.app/assets/img/all-images/demo-img4.png]
[seoc-html-v2.vercel.app/index5.html]
[seoc-html-v2.vercel.app/single-index5.html]
[seoc-html-v2.vercel.app/assets/img/all-images/demo-img11.png]
[seoc-html-v2.vercel.app/index11.html]
[seoc-html-v2.vercel.app/single-index11.html]
[seoc-html-v2.vercel.app/assets/img/all-images/demo-img12.png]
[seoc-html-v2.vercel.app/index12.html]
[seoc-html-v2.vercel.app/single-index12.html]
[seoc-html-v2.vercel.app/assets/img/all-images/demo-img13.png]
[seoc-html-v2.vercel.app/index13.html]
[seoc-html-v2.vercel.app/single-index13.html]
[seoc-html-v2.vercel.app/assets/img/all-images/demo-img14.png]
[seoc-html-v2.vercel.app/index14.html]
[seoc-html-v2.vercel.app/single-index14.html]
[seoc-html-v2.vercel.app/assets/img/all-images/demo-img15.png]
[seoc-html-v2.vercel.app/index15.html]
[seoc-html-v2.vercel.app/single-index15.html]
[seoc-html-v2.vercel.app/assets/img/all-images/demo-img5.png]
[seoc-html-v2.vercel.app/index6.html]
[seoc-html-v2.vercel.app/single-index6.html]
[seoc-html-v2.vercel.app/assets/img/all-images/demo-img6.png]
[seoc-html-v2.vercel.app/index7.html]
[seoc-html-v2.vercel.app/single-index7.html]
[seoc-html-v2.vercel.app/assets/img/all-images/demo-img7.png]
[seoc-html-v2.vercel.app/index8.html]
[seoc-html-v2.vercel.app/single-index8.html]
[seoc-html-v2.vercel.app/assets/img/all-images/demo-img8.png]
[seoc-html-v2.vercel.app/index9.html]
[seoc-html-v2.vercel.app/single-index9.html]
[seoc-html-v2.vercel.app/assets/img/all-images/demo-img9.png]
[seoc-html-v2.vercel.app/index10.html]
[seoc-html-v2.vercel.app/single-index10.html]
[seoc-html-v2.vercel.app/assets/img/all-images/demo-img17.png]
[seoc-html-v2.vercel.app/assets/img/all-images/demo-img16.png]
[seoc-html-v2.vercel.app/assets/img/all-images/demo-img18.png]
[seoc-html-v2.vercel.app/assets/img/all-images/demo-img19.png]
[seoc-html-v2.vercel.app/assets/img/all-images/demo-img20.png]
[seoc-html-v2.vercel.app/about.html]
[seoc-html-v2.vercel.app/service1.html]
[seoc-html-v2.vercel.app/service2.html]
[seoc-html-v2.vercel.app/service3.html]
[seoc-html-v2.vercel.app/service4.html]
[seoc-html-v2.vercel.app/service5.html]
[seoc-html-v2.vercel.app/blog.html]
[seoc-html-v2.vercel.app/blog-left.html]
[seoc-html-v2.vercel.app/blog-right.html]
[seoc-html-v2.vercel.app/blog-single.html]
[seoc-html-v2.vercel.app/case.html]
[seoc-html-v2.vercel.app/case-single.html]
[seoc-html-v2.vercel.app/team.html]
[seoc-html-v2.vercel.app/pricing.html]
[seoc-html-v2.vercel.app/testimonials.html]
[seoc-html-v2.vercel.app/faq.html]
[seoc-html-v2.vercel.app/404-2.html]
[seoc-html-v2.vercel.app/contact.html]
[seoc-html-v2.vercel.app/assets/img/logo/logo2.png]
[seoc-html-v2.vercel.app/features.54.delayed]
[seoc-html-v2.vercel.app/service.55.delayed]
[seoc-html-v2.vercel.app/service-left.56.delayed]
[seoc-html-v2.vercel.app/service-right.57.delayed]
[seoc-html-v2.vercel.app/service-single.58.delayed]
[seoc-html-v2.vercel.app/case-left.59.delayed]
[seoc-html-v2.vercel.app/case-right.5a.delayed]
[seoc-html-v2.vercel.app/assets/img/elements/plus.png]
[seoc-html-v2.vercel.app/assets/img/elements/line-img1.png]
[seoc-html-v2.vercel.app/assets/img/bg/bg2.png]
[seoc-html-v2.vercel.app/assets/img/all-images/header-img6.png]
[seoc-html-v2.vercel.app/assets/img/elements/elements10.png]
[seoc-html-v2.vercel.app/assets/img/all-images/header-img5.png]
[seoc-html-v2.vercel.app/assets/img/icons/sound-icons2.svg]
[seoc-html-v2.vercel.app/assets/img/all-images/about-img1.png]
[seoc-html-v2.vercel.app/assets/img/elements/star1.png]
[seoc-html-v2.vercel.app/assets/img/elements/elements4.png]
[seoc-html-v2.vercel.app/assets/img/icons/arrow.svg]
[seoc-html-v2.vercel.app/assets/img/elements/line-img2.png]
[seoc-html-v2.vercel.app/assets/img/elements/elements5.png]
[seoc-html-v2.vercel.app/assets/img/all-images/about-img2.png]
[seoc-html-v2.vercel.app/assets/img/bg/service-bg1.png]
[seoc-html-v2.vercel.app/assets/img/icons/service-icon11.svg]
[seoc-html-v2.vercel.app/assets/img/icons/service-icon12.svg]
[seoc-html-v2.vercel.app/assets/img/icons/service-icon13.svg]
[seoc-html-v2.vercel.app/assets/img/icons/service-icon14.svg]
[seoc-html-v2.vercel.app/assets/img/all-images/case-img1.png]
[seoc-html-v2.vercel.app/assets/img/icons/case-icon1.svg]
[seoc-html-v2.vercel.app/assets/img/all-images/case-img2.png]
[seoc-html-v2.vercel.app/assets/img/all-images/case-img3.png]
[seoc-html-v2.vercel.app/assets/img/all-images/case-img4.png]
[seoc-html-v2.vercel.app/assets/img/all-images/case-img8.png]
[seoc-html-v2.vercel.app/assets/img/icons/works-icon4.svg]
[seoc-html-v2.vercel.app/assets/img/icons/works-icon5.svg]
[seoc-html-v2.vercel.app/assets/img/icons/works-icon6.svg]
[seoc-html-v2.vercel.app/assets/img/icons/google1.svg]
[seoc-html-v2.vercel.app/assets/img/all-images/blog-img6.png]
[seoc-html-v2.vercel.app/assets/img/all-images/blog-img7.png]
[seoc-html-v2.vercel.app/assets/img/bg/cta-bg5.png]
[seoc-html-v2.vercel.app/assets/img/bg/cta-bg4.png]
[seoc-html-v2.vercel.app/assets/img/icons/facebook4.svg]
[seoc-html-v2.vercel.app/assets/img/icons/linkedin4.svg]
[seoc-html-v2.vercel.app/mailto.85.delayed]
[seoc-html-v2.vercel.app/assets/img/icons/email.svg]
[seoc-html-v2.vercel.app/assets/img/icons/location.svg]
[seoc-html-v2.vercel.app/assets/img/icons/phone.svg]
[seoc-html-v2.vercel.app/assets/js/plugins/bootstrap.min.js]
[seoc-html-v2.vercel.app/assets/js/plugins/fontawesome.js]
[seoc-html-v2.vercel.app/assets/js/plugins/aos.js]
[seoc-html-v2.vercel.app/assets/js/plugins/counter.js]
[seoc-html-v2.vercel.app/assets/js/plugins/gsap.min.js]
[seoc-html-v2.vercel.app/assets/js/plugins/ScrollTrigger.min.js]
[seoc-html-v2.vercel.app/assets/js/plugins/Splitetext.js]
[seoc-html-v2.vercel.app/assets/js/plugins/sidebar.js]
[seoc-html-v2.vercel.app/assets/js/plugins/magnific-popup.js]
[seoc-html-v2.vercel.app/assets/js/plugins/mobilemenu.js]
[seoc-html-v2.vercel.app/assets/js/plugins/owlcarousel.min.js]
[seoc-html-v2.vercel.app/assets/js/plugins/gsap-animation.js]
[seoc-html-v2.vercel.app/assets/js/plugins/nice-select.js]
[seoc-html-v2.vercel.app/assets/js/plugins/waypoints.js]
[seoc-html-v2.vercel.app/assets/js/plugins/slick-slider.js]
[seoc-html-v2.vercel.app/assets/js/plugins/circle-progress.js]
[seoc-html-v2.vercel.app/index3.html]
[seoc-html-v2.vercel.app/assets/css/plugins/bootstrap.min.css]
[seoc-html-v2.vercel.app/assets/css/plugins/aos.css]
[seoc-html-v2.vercel.app/assets/js/main.js]
[seoc-html-v2.vercel.app/assets/css/fonts/fa-brands-400.woff2]
[seoc-html-v2.vercel.app/index-2.html]
[seoc-html-v2.vercel.app/assets/css/fonts/fa-brands-400.9b.delayed]
[seoc-html-v2.vercel.app/assets/css/fonts/fa-duotone-900.9c.delayed]
[seoc-html-v2.vercel.app/assets/css/fonts/fa-duotone-900.9d.delayed]
[seoc-html-v2.vercel.app/assets/css/fonts/fa-light-300.9e.delayed]
[seoc-html-v2.vercel.app/assets/css/fonts/fa-light-300.9f.delayed]
[seoc-html-v2.vercel.app/assets/css/fonts/fa-regular-400.woff2]
[seoc-html-v2.vercel.app/assets/css/fonts/fa-regular-400.a1.delayed]
[seoc-html-v2.vercel.app/assets/css/fonts/fa-solid-900.woff2]
[seoc-html-v2.vercel.app/assets/css/fonts/fa-solid-900.a3.delayed]
[seoc-html-v2.vercel.app/assets/css/fonts/fa-thin-100.a4.delayed]
[seoc-html-v2.vercel.app/assets/css/fonts/fa-thin-100.a5.delayed]
[seoc-html-v2.vercel.app/assets/css/fonts/fa-v4compatibility.woff2]
[seoc-html-v2.vercel.app/assets/css/webfofontsnts/fa-v4compatibility.a7.delayed]
[seoc-html-v2.vercel.app/assets/css/plugins/fontawesome.css]
[seoc-html-v2.vercel.app/assets/css/plugins/magnific-popup.css]
[seoc-html-v2.vercel.app/assets/css/plugins/mobile.css]
[seoc-html-v2.vercel.app/assets/css/plugins/owl.video.play.a8.delayed]
[seoc-html-v2.vercel.app/assets/css/plugins/owlcarousel.min.css]
[seoc-html-v2.vercel.app/assets/css/plugins/sidebar.css]
[seoc-html-v2.vercel.app/assets/css/plugins/slick-slider.css]
[seoc-html-v2.vercel.app/assets/css/plugins/nice-select.css]
[seoc-html-v2.vercel.app/assets/img/bg/header-bg7.png]
[seoc-html-v2.vercel.app/assets/img/bg/header-bg8.png]
[seoc-html-v2.vercel.app/assets/img/bg/header-img9.png]
[seoc-html-v2.vercel.app/assets/img/bg/header-bg11.png]
[seoc-html-v2.vercel.app/assets/img/bg/header-bg12.png]
[seoc-html-v2.vercel.app/assets/img/bg/haeder-bg14.png]
[seoc-html-v2.vercel.app/assets/img/bg/header-bg14.png]
[seoc-html-v2.vercel.app/assets/img/bg/footer-bg1.png]
[seoc-html-v2.vercel.app/assets/img/bg/cta-bg6.png]
[seoc-html-v2.vercel.app/assets/img/bg/cta-bg7.png]
[seoc-html-v2.vercel.app/assets/img/bg/cta-bg13.png]
[seoc-html-v2.vercel.app/assets/img/all-images/case-img5.png]
[seoc-html-v2.vercel.app/assets/img/all-images/case-img6.png]
[seoc-html-v2.vercel.app/assets/img/all-images/case-img7.png]
[seoc-html-v2.vercel.app/assets/css/main.css]
[seoc-html-v2.vercel.app/assets/img/logo/fav-logo1.png]
[seoc-html-v2.vercel.app/assets/img/logo/preloader.png]
[seoc-html-v2.vercel.app/assets/img/logo/logo1.png]
[seoc-html-v2.vercel.app/assets/img/bg/header-bg1.png]
[seoc-html-v2.vercel.app/assets/img/elements/elements1.png]
[seoc-html-v2.vercel.app/assets/img/all-images/header-img1.png]
[seoc-html-v2.vercel.app/assets/img/bg/header-imgbg.png]
[seoc-html-v2.vercel.app/assets/img/icons/sound-icons1.svg]
[seoc-html-v2.vercel.app/assets/img/icons/lite-icons1.svg]
[seoc-html-v2.vercel.app/assets/img/elements/elements2.png]
[seoc-html-v2.vercel.app/assets/img/elements/elements3.png]
[seoc-html-v2.vercel.app/assets/img/all-images/header-author-img1.png]
[seoc-html-v2.vercel.app/assets/img/all-images/header-author-img2.png]
[seoc-html-v2.vercel.app/assets/img/elements/brand-img1.png]
[seoc-html-v2.vercel.app/assets/img/elements/brand-img2.png]
[seoc-html-v2.vercel.app/assets/img/elements/brand-img3.png]
[seoc-html-v2.vercel.app/assets/img/elements/brand-img4.png]
[seoc-html-v2.vercel.app/assets/img/elements/brand-img5.png]
[seoc-html-v2.vercel.app/assets/img/bg/pages-bg1.png]
[seoc-html-v2.vercel.app/assets/img/elements/star2.png]
[seoc-html-v2.vercel.app/assets/img/icons/service-icon1.svg]
[seoc-html-v2.vercel.app/assets/img/icons/service-icon2.svg]
[seoc-html-v2.vercel.app/assets/img/icons/service-icon3.svg]
[seoc-html-v2.vercel.app/assets/img/icons/service-icon4.svg]
[seoc-html-v2.vercel.app/assets/img/all-images/service-img1.png]
[seoc-html-v2.vercel.app/assets/img/icons/google.svg]
[seoc-html-v2.vercel.app/assets/img/all-images/testimonial-img1.png]
[seoc-html-v2.vercel.app/assets/img/all-images/testimonial-img2.png]
[seoc-html-v2.vercel.app/assets/img/all-images/blog-img1.png]
[seoc-html-v2.vercel.app/assets/img/icons/calender1.svg]
[seoc-html-v2.vercel.app/assets/img/all-images/blog-img2.png]
[seoc-html-v2.vercel.app/assets/img/all-images/blog-img3.png]
[seoc-html-v2.vercel.app/assets/img/icons/location2.svg]
[seoc-html-v2.vercel.app/assets/img/icons/phone2.svg]
[seoc-html-v2.vercel.app/assets/img/icons/email2.svg]
[seoc-html-v2.vercel.app/assets/img/bg/cta-bg1.png]
[seoc-html-v2.vercel.app/assets/img/bg/cta-bg2.png]
[seoc-html-v2.vercel.app/assets/img/icons/facebook.svg]
[seoc-html-v2.vercel.app/assets/img/icons/instagram.svg]
[seoc-html-v2.vercel.app/assets/img/icons/linkedin.svg]
[seoc-html-v2.vercel.app/index.html]
[seoc-html-v2.vercel.app/single-index1.html]
[seoc-html-v2.vercel.app/404.html]
[seoc-html-v2.vercel.app/assets/img/icons/youtube.svg]
[seoc-html-v2.vercel.app/assets/img/logo/fav-logo2.png]
[seoc-html-v2.vercel.app/assets/img/bg/homepage2-bg.png]
[seoc-html-v2.vercel.app/assets/img/logo/preloader2.png]
[seoc-html-v2.vercel.app/assets/img/elements/star3.png]
[seoc-html-v2.vercel.app/assets/img/elements/elements6.png]
[seoc-html-v2.vercel.app/assets/img/elements/star4.png]
[seoc-html-v2.vercel.app/assets/img/bg/header-imgbg2.png]
[seoc-html-v2.vercel.app/assets/img/all-images/header-img2.png]
[seoc-html-v2.vercel.app/assets/img/elements/brand6.png]
[seoc-html-v2.vercel.app/assets/img/elements/brand7.png]
[seoc-html-v2.vercel.app/assets/img/elements/brand8.png]
[seoc-html-v2.vercel.app/assets/img/elements/brand9.png]
[seoc-html-v2.vercel.app/assets/img/elements/brand10.png]
[seoc-html-v2.vercel.app/assets/img/all-images/about-img3.png]
[seoc-html-v2.vercel.app/assets/img/all-images/about-img4.png]
[seoc-html-v2.vercel.app/assets/img/icons/service-icon5.svg]
[seoc-html-v2.vercel.app/assets/img/icons/service-icon6.svg]
[seoc-html-v2.vercel.app/assets/img/icons/service-icon7.svg]
[seoc-html-v2.vercel.app/assets/img/icons/service-icon8.svg]
[seoc-html-v2.vercel.app/assets/img/icons/service-icon9.svg]
[seoc-html-v2.vercel.app/assets/img/icons/service-icon10.svg]
[seoc-html-v2.vercel.app/assets/img/all-images/choose-img1.png]
[seoc-html-v2.vercel.app/assets/img/all-images/choose-img2.png]
[seoc-html-v2.vercel.app/assets/img/all-images/choose-img4.png]
[seoc-html-v2.vercel.app/assets/img/all-images/work-img1.png]
[seoc-html-v2.vercel.app/assets/img/icons/works-icon1.png]
[seoc-html-v2.vercel.app/assets/img/icons/works-icon2.png]
[seoc-html-v2.vercel.app/assets/img/icons/works-icon3.png]
[seoc-html-v2.vercel.app/assets/img/all-images/team-img1.png]
[seoc-html-v2.vercel.app/assets/img/bg/iconsbg.png]
[seoc-html-v2.vercel.app/assets/img/icons/facebook1.svg]
[seoc-html-v2.vercel.app/assets/img/icons/linkedin2.svg]
[seoc-html-v2.vercel.app/assets/img/all-images/team-img2.png]
[seoc-html-v2.vercel.app/assets/img/all-images/team-img3.png]
[seoc-html-v2.vercel.app/assets/img/all-images/team-img4.png]
[seoc-html-v2.vercel.app/assets/img/all-images/testimonial-img3.png]
[seoc-html-v2.vercel.app/assets/img/all-images/testimonial-img4.png]
[seoc-html-v2.vercel.app/assets/img/all-images/blog-img4.png]
[seoc-html-v2.vercel.app/assets/img/all-images/blog-img5.png]
[seoc-html-v2.vercel.app/assets/img/elements/elements7.png]
[seoc-html-v2.vercel.app/assets/img/bg/bg1.png]
[seoc-html-v2.vercel.app/assets/img/all-images/cta-img1.png]
[seoc-html-v2.vercel.app/index2.html]
[seoc-html-v2.vercel.app/single-index2.html]
[seoc-html-v2.vercel.app/single-index3.html]
[seoc-html-v2.vercel.app/assets/img/logo/fav-logo5.png]
[seoc-html-v2.vercel.app/assets/img/logo/preloader4.png]
[seoc-html-v2.vercel.app/assets/img/logo/logo6.png]
[seoc-html-v2.vercel.app/assets/img/bg/header-bg5.png]
[seoc-html-v2.vercel.app/assets/img/all-images/header-img8.png]
[seoc-html-v2.vercel.app/assets/img/bg/header-bg6.png]
[seoc-html-v2.vercel.app/assets/img/all-images/auhtor-img1.png]
[seoc-html-v2.vercel.app/assets/img/icons/sound-icons3.svg]
[seoc-html-v2.vercel.app/assets/img/icons/lite-icons2.svg]
[seoc-html-v2.vercel.app/assets/img/elements/elements11.svg]
[seoc-html-v2.vercel.app/assets/img/elements/elements12.png]
[seoc-html-v2.vercel.app/assets/img/elements/elements13.png]
[seoc-html-v2.vercel.app/assets/img/all-images/about-img5.png]
[seoc-html-v2.vercel.app/assets/img/all-images/about-img6.png]
[seoc-html-v2.vercel.app/assets/img/all-images/brand-img2.png]
[seoc-html-v2.vercel.app/assets/img/all-images/brand-img3.png]
[seoc-html-v2.vercel.app/assets/img/all-images/brand-img1.png]
[seoc-html-v2.vercel.app/assets/img/all-images/brand-img4.png]
[seoc-html-v2.vercel.app/assets/img/all-images/brand-img5.png]
[seoc-html-v2.vercel.app/assets/img/all-images/brand-img6.png]
[seoc-html-v2.vercel.app/assets/img/all-images/brand-img7.png]
[seoc-html-v2.vercel.app/assets/img/all-images/brand-img8.png]
[seoc-html-v2.vercel.app/assets/img/all-images/service-img2.png]
[seoc-html-v2.vercel.app/assets/img/all-images/service-img3.png]
[seoc-html-v2.vercel.app/assets/img/all-images/service-img4.png]
[seoc-html-v2.vercel.app/assets/img/all-images/hidden-img.png]
[seoc-html-v2.vercel.app/assets/img/all-images/hidden-img2.png]
[seoc-html-v2.vercel.app/assets/img/all-images/hidden-img3.png]
[seoc-html-v2.vercel.app/assets/img/all-images/team-img5.png]
[seoc-html-v2.vercel.app/assets/img/icons/facebook5.svg]
[seoc-html-v2.vercel.app/assets/img/icons/linkedin5.svg]
[seoc-html-v2.vercel.app/assets/img/icons/instagram5.png]
[seoc-html-v2.vercel.app/assets/img/icons/youtube1.svg]
[seoc-html-v2.vercel.app/assets/img/all-images/team-img6.png]
[seoc-html-v2.vercel.app/assets/img/all-images/team-img7.png]
[seoc-html-v2.vercel.app/assets/img/all-images/team-img8.png]
[seoc-html-v2.vercel.app/assets/img/all-images/testimonial-img5.png]
[seoc-html-v2.vercel.app/assets/img/all-images/testimonial-img6.png]
[seoc-html-v2.vercel.app/assets/img/all-images/testimonial-img7.png]
[seoc-html-v2.vercel.app/assets/img/all-images/testimonial-img8.png]
[seoc-html-v2.vercel.app/assets/img/all-images/testimonial-img9.png]
[seoc-html-v2.vercel.app/assets/img/all-images/blog-img8.png]
[seoc-html-v2.vercel.app/assets/img/all-images/blog-img11.png]
[seoc-html-v2.vercel.app/assets/img/all-images/blog-img9.png]
[seoc-html-v2.vercel.app/assets/img/all-images/blog-img12.png]
[seoc-html-v2.vercel.app/assets/img/all-images/blog-img10.png]
[seoc-html-v2.vercel.app/assets/img/all-images/blog-img13.png]
[seoc-html-v2.vercel.app/assets/img/logo/logo7.png]
[seoc-html-v2.vercel.app/index4.html]
[seoc-html-v2.vercel.app/single-index4.html]
[seoc-html-v2.vercel.app/assets/img/logo/fav-logo3.png]
[seoc-html-v2.vercel.app/assets/img/logo/preloader5.png]
[seoc-html-v2.vercel.app/assets/img/logo/logo4.png]
[seoc-html-v2.vercel.app/assets/img/bg/header-bg2.png]
[seoc-html-v2.vercel.app/assets/img/bg/header-bg3.png]
[seoc-html-v2.vercel.app/assets/img/elements/elements8.png]
[seoc-html-v2.vercel.app/assets/img/elements/star5.png]
[seoc-html-v2.vercel.app/assets/img/bg/header-imgbg3.png]
[seoc-html-v2.vercel.app/assets/img/all-images/header-img3.png]
[seoc-html-v2.vercel.app/assets/img/bg/about-bg1.png]
[seoc-html-v2.vercel.app/assets/img/bg/about-bg2.png]
[seoc-html-v2.vercel.app/assets/img/bg/work-bg1.png]
[seoc-html-v2.vercel.app/assets/img/bg/work-bg2.png]
[seoc-html-v2.vercel.app/assets/img/all-images/choose-img3.png]
[seoc-html-v2.vercel.app/assets/img/all-images/choose-img5.png]
[seoc-html-v2.vercel.app/assets/img/all-images/choose-img6.png]
[seoc-html-v2.vercel.app/assets/img/all-images/work-img2.png]
[seoc-html-v2.vercel.app/assets/img/elements/star6.png]
[seoc-html-v2.vercel.app/assets/img/bg/cta-bg3.png]
[seoc-html-v2.vercel.app/assets/img/logo/logo3.png]
[seoc-html-v2.vercel.app/assets/img/icons/facebook3.svg]
[seoc-html-v2.vercel.app/index5.html]
[seoc-html-v2.vercel.app/single-index5.html]
[seoc-html-v2.vercel.app/assets/img/logo/logo12.png]
[seoc-html-v2.vercel.app/assets/img/elements/elements22.png]
[seoc-html-v2.vercel.app/assets/img/all-images/new-img/header-img11.png]
[seoc-html-v2.vercel.app/assets/img/elements/elements21.png]
[seoc-html-v2.vercel.app/assets/img/icons/user1.svg]
[seoc-html-v2.vercel.app/assets/img/all-images/new-img/about11-img1.png]
[seoc-html-v2.vercel.app/assets/img/all-images/new-img/about11-img2.png]
[seoc-html-v2.vercel.app/assets/img/all-images/new-img/about11-img3.png]
[seoc-html-v2.vercel.app/assets/img/icons/logo-icon8.svg]
[seoc-html-v2.vercel.app/assets/img/all-images/new-img/service11-img1.png]
[seoc-html-v2.vercel.app/assets/img/icons/service-icon23.svg]
[seoc-html-v2.vercel.app/assets/img/all-images/new-img/service11-img2.png]
[seoc-html-v2.vercel.app/assets/img/icons/service-icon24.svg]
[seoc-html-v2.vercel.app/assets/img/all-images/new-img/service11-img3.png]
[seoc-html-v2.vercel.app/assets/img/icons/service-icon25.svg]
[seoc-html-v2.vercel.app/assets/img/all-images/new-img/service11-img4.png]
[seoc-html-v2.vercel.app/assets/img/icons/service-icon26.svg]
[seoc-html-v2.vercel.app/assets/img/all-images/new-img/service11-img5.png]
[seoc-html-v2.vercel.app/assets/img/icons/service-icon27.svg]
[seoc-html-v2.vercel.app/assets/img/all-images/new-img/service11-img6.png]
[seoc-html-v2.vercel.app/assets/img/icons/service-icon28.svg]
[seoc-html-v2.vercel.app/assets/img/elements/elements23.png]
[seoc-html-v2.vercel.app/assets/img/icons/work-icon10.svg]
[seoc-html-v2.vercel.app/assets/img/elements/elements24.png]
[seoc-html-v2.vercel.app/assets/img/icons/work-icon11.svg]
[seoc-html-v2.vercel.app/assets/img/icons/work-icon12.svg]
[seoc-html-v2.vercel.app/assets/img/all-images/new-img/case-img1-h11.png]
[seoc-html-v2.vercel.app/assets/img/all-images/new-img/case-img2-h11.png]
[seoc-html-v2.vercel.app/assets/img/all-images/new-img/case-img3-h11.png]
[seoc-html-v2.vercel.app/assets/img/all-images/new-img/team11-h11.png]
[seoc-html-v2.vercel.app/assets/img/all-images/new-img/team12-h11.png]
[seoc-html-v2.vercel.app/assets/img/all-images/new-img/team13-h11.png]
[seoc-html-v2.vercel.app/assets/img/all-images/new-img/blog-img11-h11.png]
[seoc-html-v2.vercel.app/assets/img/all-images/new-img/blog-img12-h11.png]
[seoc-html-v2.vercel.app/assets/img/all-images/new-img/blog-img13-h11.png]
[seoc-html-v2.vercel.app/assets/img/icons/phone4.svg]
[seoc-html-v2.vercel.app/index11.html]
[seoc-html-v2.vercel.app/single-index11.html]
[seoc-html-v2.vercel.app/assets/img/icons/email4.svg]
[seoc-html-v2.vercel.app/assets/img/logo/fav-logo10.png]
[seoc-html-v2.vercel.app/assets/img/logo/preloader10.png]
[seoc-html-v2.vercel.app/assets/img/logo/logo13.png]
[seoc-html-v2.vercel.app/assets/img/bg/hero-bg1.png]
[seoc-html-v2.vercel.app/assets/img/bg/hero-bg2.png]
[seoc-html-v2.vercel.app/assets/img/elements/elements26.png]
[seoc-html-v2.vercel.app/assets/img/icons/hero-icon1.svg]
[seoc-html-v2.vercel.app/assets/img/icons/hero-icon2.svg]
[seoc-html-v2.vercel.app/assets/img/elements/elements25.png]
[seoc-html-v2.vercel.app/assets/img/all-images/new-img/header-img12.png]
[seoc-html-v2.vercel.app/assets/img/all-images/new-img/auhtor-img12.png]
[seoc-html-v2.vercel.app/assets/img/all-images/new-img/about-img1-h12.png]
[seoc-html-v2.vercel.app/assets/img/all-images/new-img/about-img2-h12.png]
[seoc-html-v2.vercel.app/assets/img/icons/service-icon29.svg]
[seoc-html-v2.vercel.app/assets/img/icons/service-icon30.svg]
[seoc-html-v2.vercel.app/assets/img/icons/service-icon31.svg]
[seoc-html-v2.vercel.app/assets/img/icons/service-icon32.svg]
[seoc-html-v2.vercel.app/assets/img/all-images/new-img/project-img1-h12.png]
[seoc-html-v2.vercel.app/assets/img/all-images/new-img/project-img2-h12.png]
[seoc-html-v2.vercel.app/assets/img/all-images/new-img/project-img3-h12.png]
[seoc-html-v2.vercel.app/assets/img/all-images/new-img/team-img1-h12.png]
[seoc-html-v2.vercel.app/assets/img/all-images/new-img/team-img2-h12.png]
[seoc-html-v2.vercel.app/assets/img/all-images/new-img/team-img3-h12.png]
[seoc-html-v2.vercel.app/assets/img/all-images/new-img/team-img4-h12.png]
[seoc-html-v2.vercel.app/assets/img/all-images/new-img/blog-img14-h11.png]
[seoc-html-v2.vercel.app/assets/img/all-images/new-img/blog-img15-h11.png]
[seoc-html-v2.vercel.app/assets/img/all-images/new-img/blog-img16-h11.png]
[seoc-html-v2.vercel.app/assets/img/icons/phone5.svg]
[seoc-html-v2.vercel.app/index12.html]
[seoc-html-v2.vercel.app/single-index12.html]
[seoc-html-v2.vercel.app/assets/img/icons/email5.svg]
[seoc-html-v2.vercel.app/assets/img/logo/fav-logo11.png]
[seoc-html-v2.vercel.app/assets/img/logo/preloader11.png]
[seoc-html-v2.vercel.app/assets/img/logo/logo14.png]
[seoc-html-v2.vercel.app/assets/img/bg/header-bg13.png]
[seoc-html-v2.vercel.app/assets/img/icons/logo-icons8.svg]
[seoc-html-v2.vercel.app/assets/img/all-images/new-img/header-img13.png]
[seoc-html-v2.vercel.app/assets/img/all-images/new-img/about-img1-h13.png]
[seoc-html-v2.vercel.app/assets/img/icons/about1-h13.svg]
[seoc-html-v2.vercel.app/assets/img/icons/about2-h13.svg]
[seoc-html-v2.vercel.app/assets/img/icons/service-icons23.svg]
[seoc-html-v2.vercel.app/assets/img/icons/service-icons24.svg]
[seoc-html-v2.vercel.app/assets/img/icons/service-icons25.svg]
[seoc-html-v2.vercel.app/assets/img/icons/service-icons26.svg]
[seoc-html-v2.vercel.app/assets/img/icons/service-icons27.svg]
[seoc-html-v2.vercel.app/assets/img/icons/service-icons28.svg]
[seoc-html-v2.vercel.app/assets/img/all-images/new-img/service-img1-h13.png]
[seoc-html-v2.vercel.app/assets/img/all-images/new-img/service-img2-h13.png]
[seoc-html-v2.vercel.app/assets/img/all-images/new-img/service-img3-h13.png]
[seoc-html-v2.vercel.app/assets/img/all-images/new-img/service-img4-h13.png]
[seoc-html-v2.vercel.app/assets/img/all-images/new-img/service-img5-h13.png]
[seoc-html-v2.vercel.app/assets/img/all-images/new-img/service-img6-h13.png]
[seoc-html-v2.vercel.app/assets/img/all-images/new-img/testimonial-img1-h13.png]
[seoc-html-v2.vercel.app/assets/img/all-images/new-img/testimonial-img2-h13.png]
[seoc-html-v2.vercel.app/assets/img/all-images/new-img/team-img1-h13.png]
[seoc-html-v2.vercel.app/assets/img/all-images/new-img/team-img2-h13.png]
[seoc-html-v2.vercel.app/assets/img/all-images/new-img/team-img3-h13.png]
[seoc-html-v2.vercel.app/assets/img/all-images/new-img/others-img1-h13.png]
[seoc-html-v2.vercel.app/assets/img/all-images/new-img/others-img2-h13.png]
[seoc-html-v2.vercel.app/assets/img/all-images/new-img/others-img3-h13.png]
[seoc-html-v2.vercel.app/assets/img/all-images/new-img/others-img4-h13.png]
[seoc-html-v2.vercel.app/assets/img/all-images/new-img/others-img5-h13.png]
[seoc-html-v2.vercel.app/assets/img/all-images/new-img/others-img6-h13.png]
[seoc-html-v2.vercel.app/assets/img/all-images/new-img/others-img7-h13.png]
[seoc-html-v2.vercel.app/assets/img/all-images/new-img/others-img8-h13.png]
[seoc-html-v2.vercel.app/assets/img/all-images/new-img/others-img9-h13.png]
[seoc-html-v2.vercel.app/assets/img/all-images/new-img/blog-img1-h13.png]
[seoc-html-v2.vercel.app/assets/img/all-images/new-img/blog-img2-h13.png]
[seoc-html-v2.vercel.app/assets/img/all-images/new-img/blog-img3-h13.png]
[seoc-html-v2.vercel.app/assets/img/bg/cta13-bg1.png]
[seoc-html-v2.vercel.app/index13.html]
[seoc-html-v2.vercel.app/single-index13.html]
[seoc-html-v2.vercel.app/assets/img/logo/fav-logo12.png]
[seoc-html-v2.vercel.app/assets/img/logo/preloader12.png]
[seoc-html-v2.vercel.app/assets/img/elements/elements27.png]
[seoc-html-v2.vercel.app/assets/img/all-images/new-img/header-img14.png]
[seoc-html-v2.vercel.app/assets/img/elements/elements28.png]
[seoc-html-v2.vercel.app/assets/img/elements/elements29.png]
[seoc-html-v2.vercel.app/assets/img/all-images/new-img/about-img1-h14.png]
[seoc-html-v2.vercel.app/assets/img/all-images/new-img/about-img2-h14.png]
[seoc-html-v2.vercel.app/assets/img/elements/elements30.png]
[seoc-html-v2.vercel.app/assets/img/elements/elements31.png]
[seoc-html-v2.vercel.app/assets/img/all-images/new-img/service-img1-h14.png]
[seoc-html-v2.vercel.app/assets/img/icons/service-icons33.svg]
[seoc-html-v2.vercel.app/assets/img/all-images/new-img/service-img2-h14.png]
[seoc-html-v2.vercel.app/assets/img/icons/service-icons34.svg]
[seoc-html-v2.vercel.app/assets/img/all-images/new-img/service-img3-h14.png]
[seoc-html-v2.vercel.app/assets/img/icons/service-icons35.svg]
[seoc-html-v2.vercel.app/assets/img/all-images/new-img/service-img4-h14.png]
[seoc-html-v2.vercel.app/assets/img/icons/service-icons36.svg]
[seoc-html-v2.vercel.app/assets/img/all-images/new-img/service-img5-h14.png]
[seoc-html-v2.vercel.app/assets/img/icons/service-icons37.svg]
[seoc-html-v2.vercel.app/assets/img/icons/service-icons38.svg]
[seoc-html-v2.vercel.app/assets/img/all-images/new-img/case-img1-h14.png]
[seoc-html-v2.vercel.app/assets/img/all-images/new-img/case-img2-h14.png]
[seoc-html-v2.vercel.app/assets/img/all-images/new-img/case-img3-h14.png]
[seoc-html-v2.vercel.app/assets/img/all-images/new-img/team-img1-h14.png]
[seoc-html-v2.vercel.app/assets/img/icons/share1.svg]
[seoc-html-v2.vercel.app/assets/img/all-images/new-img/team-img2-h14.png]
[seoc-html-v2.vercel.app/assets/img/all-images/new-img/team-img3-h14.png]
[seoc-html-v2.vercel.app/assets/img/icons/phone6.svg]
[seoc-html-v2.vercel.app/assets/img/all-images/new-img/blog-img1-h14.png]
[seoc-html-v2.vercel.app/assets/img/all-images/new-img/blog-img2-h14.png]
[seoc-html-v2.vercel.app/assets/img/all-images/new-img/blog-img3-h14.png]
[seoc-html-v2.vercel.app/assets/img/all-images/new-img/cta-img1-h14.png]
[seoc-html-v2.vercel.app/assets/img/logo/logo15.png]
[seoc-html-v2.vercel.app/index14.html]
[seoc-html-v2.vercel.app/single-index14.html]
[seoc-html-v2.vercel.app/assets/img/logo/fav-logo13.png]
[seoc-html-v2.vercel.app/assets/img/logo/preloader13.png]
[seoc-html-v2.vercel.app/assets/img/bg/hero-bg3.png]
[seoc-html-v2.vercel.app/assets/img/elements/elementors37.png]
[seoc-html-v2.vercel.app/assets/img/all-images/new-img/authror-img1-h15.png]
[seoc-html-v2.vercel.app/assets/img/all-images/new-img/header-img15.png]
[seoc-html-v2.vercel.app/assets/img/elements/elements32.png]
[seoc-html-v2.vercel.app/assets/img/elements/elements34.png]
[seoc-html-v2.vercel.app/assets/img/elements/elements35.png]
[seoc-html-v2.vercel.app/assets/img/elements/elements36.png]
[seoc-html-v2.vercel.app/assets/img/elements/elementors38.png]
[seoc-html-v2.vercel.app/assets/img/elements/elementors39.png]
[seoc-html-v2.vercel.app/assets/img/all-images/new-img/about-img1-h15.png]
[seoc-html-v2.vercel.app/assets/img/all-images/new-img/about-img2-h15.png]
[seoc-html-v2.vercel.app/assets/img/all-images/new-img/about-img3-h15.png]
[seoc-html-v2.vercel.app/assets/img/icons/check16.svg]
[seoc-html-v2.vercel.app/assets/img/icons/service2-h15.svg]
[seoc-html-v2.vercel.app/assets/img/icons/service3-h15.svg]
[seoc-html-v2.vercel.app/assets/img/icons/service4-h15.svg]
[seoc-html-v2.vercel.app/assets/img/icons/service5-h15.svg]
[seoc-html-v2.vercel.app/assets/img/icons/service6-h15.svg]
[seoc-html-v2.vercel.app/assets/img/icons/service7-h15.svg]
[seoc-html-v2.vercel.app/assets/img/icons/service8-h15.svg]
[seoc-html-v2.vercel.app/assets/img/all-images/new-img/features-img1-h15.png]
[seoc-html-v2.vercel.app/assets/img/all-images/new-img/features-img2-h15.png]
[seoc-html-v2.vercel.app/assets/img/all-images/new-img/features-img3-h15.png]
[seoc-html-v2.vercel.app/assets/img/all-images/new-img/features-img4-h15.png]
[seoc-html-v2.vercel.app/assets/img/all-images/new-img/features-img5-h15.png]
[seoc-html-v2.vercel.app/assets/img/all-images/new-img/skills-img1-h15.png]
[seoc-html-v2.vercel.app/assets/img/all-images/new-img/skills-img2-h15.png]
[seoc-html-v2.vercel.app/assets/img/all-images/new-img/skills-img3-h15.png]
[seoc-html-v2.vercel.app/assets/img/all-images/new-img/project-img1-h15.png]
[seoc-html-v2.vercel.app/assets/img/all-images/new-img/project-img2-h15.png]
[seoc-html-v2.vercel.app/assets/img/all-images/new-img/project-img3-h15.png]
[seoc-html-v2.vercel.app/assets/img/all-images/new-img/project-img4-h15.png]
[seoc-html-v2.vercel.app/assets/img/all-images/new-img/project-img5-h15.png]
[seoc-html-v2.vercel.app/assets/img/elements/elements37.png]
[seoc-html-v2.vercel.app/assets/img/elements/elements38.png]
[seoc-html-v2.vercel.app/assets/img/elements/elements39.png]
[seoc-html-v2.vercel.app/assets/img/elements/elements40.png]
[seoc-html-v2.vercel.app/assets/img/elements/elements41.png]
[seoc-html-v2.vercel.app/assets/img/elements/elements42.png]
[seoc-html-v2.vercel.app/assets/img/elements/elements43.png]
[seoc-html-v2.vercel.app/assets/img/elements/elements44.png]
[seoc-html-v2.vercel.app/assets/img/elements/elements45.png]
[seoc-html-v2.vercel.app/assets/img/all-images/new-img/blog-img1-h15.png]
[seoc-html-v2.vercel.app/assets/img/logo/logo16.png]
[seoc-html-v2.vercel.app/index15.html]
[seoc-html-v2.vercel.app/single-index15.html]
[seoc-html-v2.vercel.app/assets/img/all-images/header-pera1.png]
[seoc-html-v2.vercel.app/assets/img/bg/header-bg4.png]
[seoc-html-v2.vercel.app/assets/img/all-images/header-img7.png]
[seoc-html-v2.vercel.app/assets/img/all-images/header-img4.png]
[seoc-html-v2.vercel.app/assets/img/elements/elements9.png]
[seoc-html-v2.vercel.app/index6.html]
[seoc-html-v2.vercel.app/single-index6.html]
[seoc-html-v2.vercel.app/assets/img/icons/star1.svg]
[seoc-html-v2.vercel.app/assets/img/logo/fav-logo6.png]
[seoc-html-v2.vercel.app/assets/img/logo/preloader6.png]
[seoc-html-v2.vercel.app/assets/img/logo/logo8.png]
[seoc-html-v2.vercel.app/assets/img/all-images/author-img1.png]
[seoc-html-v2.vercel.app/assets/img/all-images/header-img9.png]
[seoc-html-v2.vercel.app/assets/img/all-images/header-img10.png]
[seoc-html-v2.vercel.app/assets/img/all-images/about-img7.png]
[seoc-html-v2.vercel.app/assets/img/all-images/about-img8.png]
[seoc-html-v2.vercel.app/assets/img/all-images/service-img12.png]
[seoc-html-v2.vercel.app/assets/img/all-images/service-img13.png]
[seoc-html-v2.vercel.app/assets/img/all-images/service-img14.png]
[seoc-html-v2.vercel.app/assets/img/all-images/service-img15.png]
[seoc-html-v2.vercel.app/assets/img/all-images/service-img16.png]
[seoc-html-v2.vercel.app/assets/img/all-images/service-img17.png]
[seoc-html-v2.vercel.app/assets/img/all-images/works-img3.png]
[seoc-html-v2.vercel.app/assets/img/bg/work-bg3.png]
[seoc-html-v2.vercel.app/assets/img/all-images/works-img4.png]
[seoc-html-v2.vercel.app/assets/img/bg/work-bg4.png]
[seoc-html-v2.vercel.app/assets/img/all-images/works-img5.png]
[seoc-html-v2.vercel.app/assets/img/bg/work-bg5.png]
[seoc-html-v2.vercel.app/assets/img/all-images/boost-img1.png]
[seoc-html-v2.vercel.app/assets/img/all-images/blog-img25.png]
[seoc-html-v2.vercel.app/assets/img/all-images/blog-img24.png]
[seoc-html-v2.vercel.app/assets/img/icons/facebook6.svg]
[seoc-html-v2.vercel.app/assets/img/icons/linkedin6.svg]
[seoc-html-v2.vercel.app/index7.html]
[seoc-html-v2.vercel.app/single-index7.html]
[seoc-html-v2.vercel.app/assets/img/logo/fav-logo7.png]
[seoc-html-v2.vercel.app/assets/img/logo/preloader7.png]
[seoc-html-v2.vercel.app/assets/img/logo/logo9.png]
[seoc-html-v2.vercel.app/assets/img/elements/elements16.png]
[seoc-html-v2.vercel.app/assets/img/elements/elements17.png]
[seoc-html-v2.vercel.app/assets/img/elements/star8.png]
[seoc-html-v2.vercel.app/assets/img/all-images/header-img11.png]
[seoc-html-v2.vercel.app/assets/img/all-images/about-img9.png]
[seoc-html-v2.vercel.app/assets/img/icons/service-icons19.svg]
[seoc-html-v2.vercel.app/assets/img/icons/service-icons20.svg]
[seoc-html-v2.vercel.app/assets/img/icons/service-icons21.svg]
[seoc-html-v2.vercel.app/assets/img/icons/service-icons22.svg]
[seoc-html-v2.vercel.app/assets/img/all-images/case-img19.png]
[seoc-html-v2.vercel.app/assets/img/all-images/case-img20.png]
[seoc-html-v2.vercel.app/assets/img/all-images/case-img21.png]
[seoc-html-v2.vercel.app/assets/img/all-images/work-img6.png]
[seoc-html-v2.vercel.app/assets/img/icons/facebook7.svg]
[seoc-html-v2.vercel.app/assets/img/icons/instagram7.svg]
[seoc-html-v2.vercel.app/assets/img/icons/linkedin7.svg]
[seoc-html-v2.vercel.app/index8.html]
[seoc-html-v2.vercel.app/single-index8.html]
[seoc-html-v2.vercel.app/assets/img/icons/youtube7.svg]
[seoc-html-v2.vercel.app/assets/img/logo/fav-logo8.png]
[seoc-html-v2.vercel.app/assets/img/logo/prelodaer8.png]
[seoc-html-v2.vercel.app/assets/img/logo/logo10.png]
[seoc-html-v2.vercel.app/assets/img/all-images/header-img12.png]
[seoc-html-v2.vercel.app/assets/img/all-images/solution-img1.png]
[seoc-html-v2.vercel.app/assets/img/all-images/solution-img2.png]
[seoc-html-v2.vercel.app/assets/img/all-images/solution-img3.png]
[seoc-html-v2.vercel.app/assets/img/all-images/cta-img2.png]
[seoc-html-v2.vercel.app/index9.html]
[seoc-html-v2.vercel.app/single-index9.html]
[seoc-html-v2.vercel.app/assets/img/logo/fav-logo9.png]
[seoc-html-v2.vercel.app/assets/img/logo/preloader9.png]
[seoc-html-v2.vercel.app/assets/img/logo/logo11.png]
[seoc-html-v2.vercel.app/assets/img/elements/elements18.png]
[seoc-html-v2.vercel.app/assets/img/elements/elements19.png]
[seoc-html-v2.vercel.app/assets/img/elements/elements20.png]
[seoc-html-v2.vercel.app/assets/img/all-images/author-img2.png]
[seoc-html-v2.vercel.app/assets/img/all-images/header-img13.png]
[seoc-html-v2.vercel.app/assets/img/all-images/about-img10.png]
[seoc-html-v2.vercel.app/assets/img/all-images/solution-img5.png]
[seoc-html-v2.vercel.app/assets/img/all-images/solution-img6.png]
[seoc-html-v2.vercel.app/assets/img/all-images/solution-img7.png]
[seoc-html-v2.vercel.app/index10.html]
[seoc-html-v2.vercel.app/assets/img/all-images/solution-img4.png]
[seoc-html-v2.vercel.app/single-index10.html]
[seoc-html-v2.vercel.app/assets/img/bg/inner-header.png]
[seoc-html-v2.vercel.app/assets/img/icons/works-icons7.svg]
[seoc-html-v2.vercel.app/assets/img/icons/works-icons8.svg]
[seoc-html-v2.vercel.app/assets/img/elements/elements14.png]
[seoc-html-v2.vercel.app/assets/img/elements/elements15.png]
[seoc-html-v2.vercel.app/assets/img/elements/star7.png]
[seoc-html-v2.vercel.app/assets/img/all-images/history-img1.png]
[seoc-html-v2.vercel.app/assets/img/all-images/history-img2.png]
[seoc-html-v2.vercel.app/about.html]
[seoc-html-v2.vercel.app/assets/img/icons/service-icon15.svg]
[seoc-html-v2.vercel.app/assets/img/icons/service-icon16.svg]
[seoc-html-v2.vercel.app/assets/img/icons/service-icon17.svg]
[seoc-html-v2.vercel.app/service1.html]
[seoc-html-v2.vercel.app/assets/img/icons/service-icon18.svg]
[seoc-html-v2.vercel.app/assets/img/all-images/service-img5.png]
[seoc-html-v2.vercel.app/assets/img/all-images/service-img6.png]
[seoc-html-v2.vercel.app/assets/img/all-images/service-img7.png]
[seoc-html-v2.vercel.app/assets/img/all-images/service-img8.png]
[seoc-html-v2.vercel.app/assets/img/all-images/service-img9.png]
[seoc-html-v2.vercel.app/service2.html]
[seoc-html-v2.vercel.app/service3.html]
[seoc-html-v2.vercel.app/assets/img/all-images/service-img10.png]
[seoc-html-v2.vercel.app/service4.html]
[seoc-html-v2.vercel.app/assets/img/elements/instagram1.png]
[seoc-html-v2.vercel.app/assets/img/elements/linkedin1.png]
[seoc-html-v2.vercel.app/assets/img/elements/facebook1.png]
[seoc-html-v2.vercel.app/assets/img/elements/twitter1.png]
[seoc-html-v2.vercel.app/assets/img/all-images/service-img11.png]
[seoc-html-v2.vercel.app/assets/img/bg/inner-bg1.png]
[seoc-html-v2.vercel.app/service5.html]
[seoc-html-v2.vercel.app/assets/img/all-images/blog-img19.png]
[seoc-html-v2.vercel.app/assets/img/all-images/blog-img15.png]
[seoc-html-v2.vercel.app/assets/img/all-images/blog-img16.png]
[seoc-html-v2.vercel.app/assets/img/all-images/blog-img18.png]
[seoc-html-v2.vercel.app/assets/img/all-images/blog-img17.png]
[seoc-html-v2.vercel.app/blog.html]
[seoc-html-v2.vercel.app/assets/img/all-images/post-img1.png]
[seoc-html-v2.vercel.app/assets/img/all-images/post-img2.png]
[seoc-html-v2.vercel.app/assets/img/all-images/post-img3.png]
[seoc-html-v2.vercel.app/assets/img/all-images/post-img4.png]
[seoc-html-v2.vercel.app/assets/img/all-images/blog-img23.png]
[seoc-html-v2.vercel.app/assets/img/all-images/blog-img20.png]
[seoc-html-v2.vercel.app/assets/img/all-images/comments-img1.png]
[seoc-html-v2.vercel.app/assets/img/all-images/comments-img2.png]
[seoc-html-v2.vercel.app/blog-left.html]
[seoc-html-v2.vercel.app/blog-right.html]
[seoc-html-v2.vercel.app/blog-single.html]
[seoc-html-v2.vercel.app/assets/img/all-images/case-img9.png]
[seoc-html-v2.vercel.app/assets/img/all-images/case-img10.png]
[seoc-html-v2.vercel.app/assets/img/all-images/case-img11.png]
[seoc-html-v2.vercel.app/assets/img/all-images/case-img12.png]
[seoc-html-v2.vercel.app/assets/img/all-images/case-img13.png]
[seoc-html-v2.vercel.app/assets/img/all-images/case-img14.png]
[seoc-html-v2.vercel.app/assets/img/all-images/case-img15.png]
[seoc-html-v2.vercel.app/assets/img/all-images/case-img16.png]
[seoc-html-v2.vercel.app/assets/img/all-images/case-img17.png]
[seoc-html-v2.vercel.app/case.html]
[seoc-html-v2.vercel.app/assets/img/all-images/case-img18.png]
[seoc-html-v2.vercel.app/case-single.html]
[seoc-html-v2.vercel.app/assets/img/icons/quito3.svg]
[seoc-html-v2.vercel.app/assets/img/all-images/testimonial-img10.png]
[seoc-html-v2.vercel.app/assets/img/all-images/team-img9.png]
[seoc-html-v2.vercel.app/assets/img/all-images/team-img10.png]
[seoc-html-v2.vercel.app/assets/img/all-images/team-img11.png]
[seoc-html-v2.vercel.app/assets/img/all-images/team-img12.png]
[seoc-html-v2.vercel.app/team.html]
[seoc-html-v2.vercel.app/pricing.html]
[seoc-html-v2.vercel.app/testimonials.html]
[seoc-html-v2.vercel.app/faq.html]
[seoc-html-v2.vercel.app/assets/img/all-images/error-img1.png]
[seoc-html-v2.vercel.app/404-2.html]
[seoc-html-v2.vercel.app/assets/img/icons/phone3.svg]
[seoc-html-v2.vercel.app/assets/img/icons/email3.svg]
[seoc-html-v2.vercel.app/contact.html]
[seoc-html-v2.vercel.app/404-3.html]
[seoc-html-v2.vercel.app/404-4.html]
[seoc-html-v2.vercel.app/404-5.html]
[seoc-html-v2.vercel.app/404-6.html]
[seoc-html-v2.vercel.app/404-7.html]
[seoc-html-v2.vercel.app/404-8.html]
[seoc-html-v2.vercel.app/404-9.html]
[seoc-html-v2.vercel.app/assets/img/icons/logo-icons3.svg]
[seoc-html-v2.vercel.app/assets/img/icons/sound-icons2.svg]
[seoc-html-v2.vercel.app/assets/img/icons/arrow.svg]
[seoc-html-v2.vercel.app/assets/img/icons/logo-icons4.svg]
[seoc-html-v2.vercel.app/assets/img/icons/service-icon11.svg]
[seoc-html-v2.vercel.app/assets/img/icons/service-icon12.svg]
[seoc-html-v2.vercel.app/assets/img/icons/service-icon13.svg]
[seoc-html-v2.vercel.app/assets/img/icons/service-icon14.svg]
[seoc-html-v2.vercel.app/assets/img/icons/case-icon1.svg]
[seoc-html-v2.vercel.app/assets/img/icons/works-icon4.svg]
[seoc-html-v2.vercel.app/assets/img/icons/works-icon5.svg]
[seoc-html-v2.vercel.app/assets/img/icons/works-icon6.svg]
[seoc-html-v2.vercel.app/assets/img/icons/check2.svg]
[seoc-html-v2.vercel.app/assets/img/icons/check3.svg]
[seoc-html-v2.vercel.app/assets/img/icons/quito2.svg]
[seoc-html-v2.vercel.app/assets/img/icons/google1.svg]
[seoc-html-v2.vercel.app/assets/img/icons/facebook4.svg]
[seoc-html-v2.vercel.app/assets/img/icons/instagram4.svg]
[seoc-html-v2.vercel.app/assets/img/icons/linkedin4.svg]
[seoc-html-v2.vercel.app/assets/img/icons/twitter3.svg]
[seoc-html-v2.vercel.app/404-10.html]
[seoc-html-v2.vercel.app/assets/img/icons/email.svg]
[seoc-html-v2.vercel.app/assets/img/icons/location.svg]
[seoc-html-v2.vercel.app/assets/img/icons/phone.svg]
[seoc-html-v2.vercel.app/index-2.html]
[seoc-html-v2.vercel.app/assets/css/fonts/404.html]
[seoc-html-v2.vercel.app/assets/css/fonts/404-2.html]
[seoc-html-v2.vercel.app/assets/css/fonts/404-3.html]
[seoc-html-v2.vercel.app/assets/css/fonts/404-4.html]
[seoc-html-v2.vercel.app/assets/css/fonts/404-5.html]
[seoc-html-v2.vercel.app/assets/css/fonts/404-6.html]
[seoc-html-v2.vercel.app/assets/css/fonts/404-7.html]
[seoc-html-v2.vercel.app/assets/css/fonts/404-8.html]
[seoc-html-v2.vercel.app/assets/css/fonts/404-9.html]
[seoc-html-v2.vercel.app/assets/css/webfofontsnts/404.html]
[seoc-html-v2.vercel.app/assets/css/plugins/404.html]
[seoc-html-v2.vercel.app/assets/img/icons/check8.svg]
[seoc-html-v2.vercel.app/assets/img/icons/check7.svg]
[seoc-html-v2.vercel.app/assets/img/icons/search-icons1.svg]
[seoc-html-v2.vercel.app/assets/img/icons/logo-icons.svg]
[seoc-html-v2.vercel.app/assets/img/icons/sound-icons1.svg]
[seoc-html-v2.vercel.app/assets/img/icons/lite-icons1.svg]
[seoc-html-v2.vercel.app/assets/img/icons/service-icon1.svg]
[seoc-html-v2.vercel.app/assets/img/icons/service-icon2.svg]
[seoc-html-v2.vercel.app/assets/img/icons/service-icon3.svg]
[seoc-html-v2.vercel.app/assets/img/icons/service-icon4.svg]
[seoc-html-v2.vercel.app/assets/img/icons/google.svg]
[seoc-html-v2.vercel.app/assets/img/icons/contact1.svg]
[seoc-html-v2.vercel.app/assets/img/icons/calender1.svg]
[seoc-html-v2.vercel.app/assets/img/icons/location2.svg]
[seoc-html-v2.vercel.app/assets/img/icons/phone2.svg]
[seoc-html-v2.vercel.app/assets/img/icons/email2.svg]
[seoc-html-v2.vercel.app/assets/img/icons/facebook.svg]
[seoc-html-v2.vercel.app/assets/img/icons/instagram.svg]
[seoc-html-v2.vercel.app/assets/img/icons/linkedin.svg]
[seoc-html-v2.vercel.app/assets/img/icons/youtube.svg]
[seoc-html-v2.vercel.app/assets/img/icons/logo-icons2.svg]
[seoc-html-v2.vercel.app/assets/img/icons/check1.svg]
[seoc-html-v2.vercel.app/assets/img/icons/service-icon5.svg]
[seoc-html-v2.vercel.app/assets/img/icons/service-icon6.svg]
[seoc-html-v2.vercel.app/assets/img/icons/service-icon7.svg]
[seoc-html-v2.vercel.app/assets/img/icons/service-icon8.svg]
[seoc-html-v2.vercel.app/assets/img/icons/service-icon9.svg]
[seoc-html-v2.vercel.app/assets/img/icons/service-icon10.svg]
[seoc-html-v2.vercel.app/assets/img/icons/facebook1.svg]
[seoc-html-v2.vercel.app/assets/img/icons/instagram2.svg]
[seoc-html-v2.vercel.app/assets/img/icons/linkedin2.svg]
[seoc-html-v2.vercel.app/assets/img/icons/twitter1.svg]
[seoc-html-v2.vercel.app/assets/img/icons/quito1.svg]
[seoc-html-v2.vercel.app/assets/img/icons/logo-icons5.svg]
[seoc-html-v2.vercel.app/assets/img/icons/sound-icons3.svg]
[seoc-html-v2.vercel.app/assets/img/icons/lite-icons2.svg]
[seoc-html-v2.vercel.app/assets/img/elements/elements11.svg]
[seoc-html-v2.vercel.app/assets/img/icons/logo-icons6.svg]
[seoc-html-v2.vercel.app/assets/img/icons/facebook5.svg]
[seoc-html-v2.vercel.app/assets/img/icons/linkedin5.svg]
[seoc-html-v2.vercel.app/assets/img/icons/youtube1.svg]
[seoc-html-v2.vercel.app/assets/img/icons/facebook3.svg]
[seoc-html-v2.vercel.app/assets/img/icons/instagram3.svg]
[seoc-html-v2.vercel.app/assets/img/icons/twitter2.svg]
[seoc-html-v2.vercel.app/assets/img/icons/user1.svg]
[seoc-html-v2.vercel.app/assets/img/icons/logo-icon8.svg]
[seoc-html-v2.vercel.app/assets/img/icons/check14.svg]
[seoc-html-v2.vercel.app/assets/img/icons/service-icon23.svg]
[seoc-html-v2.vercel.app/assets/img/icons/service-icon24.svg]
[seoc-html-v2.vercel.app/assets/img/icons/service-icon25.svg]
[seoc-html-v2.vercel.app/assets/img/icons/service-icon26.svg]
[seoc-html-v2.vercel.app/assets/img/icons/service-icon27.svg]
[seoc-html-v2.vercel.app/assets/img/icons/service-icon28.svg]
[seoc-html-v2.vercel.app/assets/img/icons/work-icon10.svg]
[seoc-html-v2.vercel.app/assets/img/icons/work-icon11.svg]
[seoc-html-v2.vercel.app/assets/img/icons/work-icon12.svg]
[seoc-html-v2.vercel.app/assets/img/icons/phone4.svg]
[seoc-html-v2.vercel.app/assets/img/icons/email4.svg]
[seoc-html-v2.vercel.app/assets/img/icons/logo-icon9.svg]
[seoc-html-v2.vercel.app/assets/img/icons/hero-icon1.svg]
[seoc-html-v2.vercel.app/assets/img/icons/hero-icon2.svg]
[seoc-html-v2.vercel.app/assets/img/icons/service-icon29.svg]
[seoc-html-v2.vercel.app/assets/img/icons/service-icon30.svg]
[seoc-html-v2.vercel.app/assets/img/icons/service-icon31.svg]
[seoc-html-v2.vercel.app/assets/img/icons/service-icon32.svg]
[seoc-html-v2.vercel.app/assets/img/icons/quito7.svg]
[seoc-html-v2.vercel.app/assets/img/icons/phone5.svg]
[seoc-html-v2.vercel.app/assets/img/icons/email5.svg]
[seoc-html-v2.vercel.app/assets/img/icons/logo-icons8.svg]
[seoc-html-v2.vercel.app/assets/img/icons/about1-h13.svg]
[seoc-html-v2.vercel.app/assets/img/icons/about2-h13.svg]
[seoc-html-v2.vercel.app/assets/img/icons/service-icons23.svg]
[seoc-html-v2.vercel.app/assets/img/icons/service-icons24.svg]
[seoc-html-v2.vercel.app/assets/img/icons/service-icons25.svg]
[seoc-html-v2.vercel.app/assets/img/icons/service-icons26.svg]
[seoc-html-v2.vercel.app/assets/img/icons/service-icons27.svg]
[seoc-html-v2.vercel.app/assets/img/icons/service-icons28.svg]
[seoc-html-v2.vercel.app/assets/img/icons/quito8.svg]
[seoc-html-v2.vercel.app/assets/img/icons/check15.svg]
[seoc-html-v2.vercel.app/assets/img/icons/service-icons33.svg]
[seoc-html-v2.vercel.app/assets/img/icons/service-icons34.svg]
[seoc-html-v2.vercel.app/assets/img/icons/service-icons35.svg]
[seoc-html-v2.vercel.app/assets/img/icons/service-icons36.svg]
[seoc-html-v2.vercel.app/assets/img/icons/service-icons37.svg]
[seoc-html-v2.vercel.app/assets/img/icons/service-icons38.svg]
[seoc-html-v2.vercel.app/assets/img/icons/quito9.svg]
[seoc-html-v2.vercel.app/assets/img/icons/share1.svg]
[seoc-html-v2.vercel.app/assets/img/icons/location9.svg]
[seoc-html-v2.vercel.app/assets/img/icons/phone6.svg]
[seoc-html-v2.vercel.app/assets/img/icons/emai6.svg]
[seoc-html-v2.vercel.app/assets/img/icons/check16.svg]
[seoc-html-v2.vercel.app/assets/img/icons/service1-h15.svg]
[seoc-html-v2.vercel.app/assets/img/icons/service2-h15.svg]
[seoc-html-v2.vercel.app/assets/img/icons/service3-h15.svg]
[seoc-html-v2.vercel.app/assets/img/icons/service4-h15.svg]
[seoc-html-v2.vercel.app/assets/img/icons/service5-h15.svg]
[seoc-html-v2.vercel.app/assets/img/icons/service6-h15.svg]
[seoc-html-v2.vercel.app/assets/img/icons/service7-h15.svg]
[seoc-html-v2.vercel.app/assets/img/icons/service8-h15.svg]
[seoc-html-v2.vercel.app/assets/img/icons/star1.svg]
[seoc-html-v2.vercel.app/assets/img/icons/check11.svg]
[seoc-html-v2.vercel.app/assets/img/icons/check9.svg]
[seoc-html-v2.vercel.app/assets/img/icons/check10.svg]
[seoc-html-v2.vercel.app/assets/img/icons/facebook6.svg]
[seoc-html-v2.vercel.app/assets/img/icons/instagram6.svg]
[seoc-html-v2.vercel.app/assets/img/icons/linkedin6.svg]
[seoc-html-v2.vercel.app/assets/img/icons/twitter6.svg]
[seoc-html-v2.vercel.app/assets/img/icons/search-icons2.svg]
[seoc-html-v2.vercel.app/assets/img/icons/service-icons19.svg]
[seoc-html-v2.vercel.app/assets/img/icons/service-icons20.svg]
[seoc-html-v2.vercel.app/assets/img/icons/service-icons21.svg]
[seoc-html-v2.vercel.app/assets/img/icons/service-icons22.svg]
[seoc-html-v2.vercel.app/assets/img/icons/quito5.svg]
[seoc-html-v2.vercel.app/assets/img/icons/facebook7.svg]
[seoc-html-v2.vercel.app/assets/img/icons/instagram7.svg]
[seoc-html-v2.vercel.app/assets/img/icons/linkedin7.svg]
[seoc-html-v2.vercel.app/assets/img/icons/youtube7.svg]
[seoc-html-v2.vercel.app/assets/img/icons/logo-icons7.svg]
[seoc-html-v2.vercel.app/assets/img/icons/check4.svg]
[seoc-html-v2.vercel.app/assets/img/icons/check5.svg]
[seoc-html-v2.vercel.app/assets/img/icons/search-icon3.svg]
[seoc-html-v2.vercel.app/assets/img/icons/check12.svg]
[seoc-html-v2.vercel.app/assets/img/icons/check13.svg]
[seoc-html-v2.vercel.app/assets/img/icons/quito6.svg]
[seoc-html-v2.vercel.app/assets/img/icons/works-icons7.svg]
[seoc-html-v2.vercel.app/assets/img/icons/works-icons8.svg]
[seoc-html-v2.vercel.app/assets/img/icons/works-icons9.svg]
[seoc-html-v2.vercel.app/assets/img/icons/service-icon15.svg]
[seoc-html-v2.vercel.app/assets/img/icons/service-icon16.svg]
[seoc-html-v2.vercel.app/assets/img/icons/service-icon17.svg]
[seoc-html-v2.vercel.app/assets/img/icons/service-icon18.svg]
[seoc-html-v2.vercel.app/assets/img/icons/check6.svg]
[seoc-html-v2.vercel.app/assets/img/icons/quito3.svg]
[seoc-html-v2.vercel.app/assets/img/icons/quito4.svg]
[seoc-html-v2.vercel.app/assets/img/icons/phone3.svg]
[seoc-html-v2.vercel.app/assets/img/icons/email3.svg]
[seoc-html-v2.vercel.app/assets/img/icons/location3.svg]
